// Jest Snapshot v1, https://goo.gl/fbAQLP

exports[`icon icon 是个 svg 1`] = `
<svg
  className="pzui"
>
  <use
    xlinkHref="#undefined"
  />
</svg>
`;
